Component: ARM Compiler 5.06 update 5 (build 528) Tool: armlink [4d35e2]

==============================================================================

Section Cross References

    startup_stm32f103xb.o(RESET) refers to startup_stm32f103xb.o(STACK) for __initial_sp
    startup_stm32f103xb.o(RESET) refers to startup_stm32f103xb.o(.text) for Reset_Handler
    startup_stm32f103xb.o(RESET) refers to stm32f1xx_it.o(i.NMI_Handler) for NMI_Handler
    startup_stm32f103xb.o(RESET) refers to stm32f1xx_it.o(i.HardFault_Handler) for HardFault_Handler
    startup_stm32f103xb.o(RESET) refers to stm32f1xx_it.o(i.MemManage_Handler) for MemManage_Handler
    startup_stm32f103xb.o(RESET) refers to stm32f1xx_it.o(i.BusFault_Handler) for BusFault_Handler
    startup_stm32f103xb.o(RESET) refers to stm32f1xx_it.o(i.UsageFault_Handler) for UsageFault_Handler
    startup_stm32f103xb.o(RESET) refers to stm32f1xx_it.o(i.SVC_Handler) for SVC_Handler
    startup_stm32f103xb.o(RESET) refers to stm32f1xx_it.o(i.DebugMon_Handler) for DebugMon_Handler
    startup_stm32f103xb.o(RESET) refers to stm32f1xx_it.o(i.PendSV_Handler) for PendSV_Handler
    startup_stm32f103xb.o(RESET) refers to stm32f1xx_it.o(i.SysTick_Handler) for SysTick_Handler
    startup_stm32f103xb.o(RESET) refers to stm32f1xx_it.o(i.EXTI9_5_IRQHandler) for EXTI9_5_IRQHandler
    startup_stm32f103xb.o(RESET) refers to stm32f1xx_it.o(i.TIM4_IRQHandler) for TIM4_IRQHandler
    startup_stm32f103xb.o(.text) refers to system_stm32f1xx.o(i.SystemInit) for SystemInit
    startup_stm32f103xb.o(.text) refers to entry.o(.ARM.Collect$$$$00000000) for __main
    main.o(i.Delay) refers to main.o(.data) for SysTickDelay
    main.o(i.LL_Init) refers to main.o(i.LL_APB2_GRP1_EnableClock) for LL_APB2_GRP1_EnableClock
    main.o(i.LL_Init) refers to main.o(i.LL_APB1_GRP1_EnableClock) for LL_APB1_GRP1_EnableClock
    main.o(i.LL_Init) refers to main.o(i.NVIC_GetPriorityGrouping) for NVIC_GetPriorityGrouping
    main.o(i.LL_Init) refers to main.o(i.NVIC_EncodePriority) for NVIC_EncodePriority
    main.o(i.LL_Init) refers to main.o(i.NVIC_SetPriority) for NVIC_SetPriority
    main.o(i.MX_GPIO_Init) refers to main.o(i.LL_APB2_GRP1_EnableClock) for LL_APB2_GRP1_EnableClock
    main.o(i.MX_GPIO_Init) refers to stm32f1xx_ll_gpio.o(i.LL_GPIO_Init) for LL_GPIO_Init
    main.o(i.MX_GPIO_Init) refers to main.o(i.LL_GPIO_AF_SetEXTISource) for LL_GPIO_AF_SetEXTISource
    main.o(i.MX_GPIO_Init) refers to stm32f1xx_ll_exti.o(i.LL_EXTI_Init) for LL_EXTI_Init
    main.o(i.MX_GPIO_Init) refers to main.o(i.LL_GPIO_SetPinMode) for LL_GPIO_SetPinMode
    main.o(i.MX_GPIO_Init) refers to main.o(i.NVIC_GetPriorityGrouping) for NVIC_GetPriorityGrouping
    main.o(i.MX_GPIO_Init) refers to main.o(i.NVIC_EncodePriority) for NVIC_EncodePriority
    main.o(i.MX_GPIO_Init) refers to main.o(i.NVIC_SetPriority) for NVIC_SetPriority
    main.o(i.MX_GPIO_Init) refers to main.o(i.NVIC_EnableIRQ) for NVIC_EnableIRQ
    main.o(i.MX_TIM4_Init) refers to main.o(i.LL_APB1_GRP1_EnableClock) for LL_APB1_GRP1_EnableClock
    main.o(i.MX_TIM4_Init) refers to main.o(i.NVIC_GetPriorityGrouping) for NVIC_GetPriorityGrouping
    main.o(i.MX_TIM4_Init) refers to main.o(i.NVIC_EncodePriority) for NVIC_EncodePriority
    main.o(i.MX_TIM4_Init) refers to main.o(i.NVIC_SetPriority) for NVIC_SetPriority
    main.o(i.MX_TIM4_Init) refers to main.o(i.NVIC_EnableIRQ) for NVIC_EnableIRQ
    main.o(i.MX_TIM4_Init) refers to stm32f1xx_ll_tim.o(i.LL_TIM_Init) for LL_TIM_Init
    main.o(i.SystemClock_Config) refers to main.o(i._Error_Handler) for _Error_Handler
    main.o(i.SystemClock_Config) refers to stm32f1xx_ll_utils.o(i.LL_Init1msTick) for LL_Init1msTick
    main.o(i.SystemClock_Config) refers to stm32f1xx_ll_utils.o(i.LL_SetSystemCoreClock) for LL_SetSystemCoreClock
    main.o(i.SystemClock_Config) refers to main.o(i.NVIC_GetPriorityGrouping) for NVIC_GetPriorityGrouping
    main.o(i.SystemClock_Config) refers to main.o(i.NVIC_EncodePriority) for NVIC_EncodePriority
    main.o(i.SystemClock_Config) refers to main.o(i.NVIC_SetPriority) for NVIC_SetPriority
    main.o(i.main) refers to main.o(i.LL_Init) for LL_Init
    main.o(i.main) refers to main.o(i.SystemClock_Config) for SystemClock_Config
    main.o(i.main) refers to main.o(i.MX_GPIO_Init) for MX_GPIO_Init
    main.o(i.main) refers to main.o(i.MX_TIM4_Init) for MX_TIM4_Init
    main.o(i.main) refers to main.o(i.LL_GPIO_TogglePin) for LL_GPIO_TogglePin
    main.o(i.main) refers to main.o(i.Delay) for Delay
    main.o(i.main) refers to main.o(i.LL_GPIO_IsInputPinSet) for LL_GPIO_IsInputPinSet
    main.o(i.main) refers to main.o(.data) for catcher
    stm32f1xx_it.o(i.EXTI9_5_IRQHandler) refers to stm32f1xx_it.o(i.LL_EXTI_IsActiveFlag_0_31) for LL_EXTI_IsActiveFlag_0_31
    stm32f1xx_it.o(i.EXTI9_5_IRQHandler) refers to stm32f1xx_it.o(i.LL_EXTI_ClearFlag_0_31) for LL_EXTI_ClearFlag_0_31
    stm32f1xx_it.o(i.EXTI9_5_IRQHandler) refers to stm32f1xx_it.o(i.LL_TIM_SetCounter) for LL_TIM_SetCounter
    stm32f1xx_it.o(i.EXTI9_5_IRQHandler) refers to stm32f1xx_it.o(i.LL_GPIO_ResetOutputPin) for LL_GPIO_ResetOutputPin
    stm32f1xx_it.o(i.EXTI9_5_IRQHandler) refers to stm32f1xx_it.o(i.LL_GPIO_SetOutputPin) for LL_GPIO_SetOutputPin
    stm32f1xx_it.o(i.EXTI9_5_IRQHandler) refers to main.o(.data) for catcher
    stm32f1xx_it.o(i.SysTick_Handler) refers to main.o(.data) for SysTickDelay
    stm32f1xx_it.o(i.TIM4_IRQHandler) refers to stm32f1xx_it.o(.data) for count4
    stm32f1xx_ll_gpio.o(i.LL_GPIO_DeInit) refers to stm32f1xx_ll_gpio.o(i.LL_APB2_GRP1_ForceReset) for LL_APB2_GRP1_ForceReset
    stm32f1xx_ll_gpio.o(i.LL_GPIO_DeInit) refers to stm32f1xx_ll_gpio.o(i.LL_APB2_GRP1_ReleaseReset) for LL_APB2_GRP1_ReleaseReset
    stm32f1xx_ll_exti.o(i.LL_EXTI_Init) refers to stm32f1xx_ll_exti.o(i.LL_EXTI_DisableEvent_0_31) for LL_EXTI_DisableEvent_0_31
    stm32f1xx_ll_exti.o(i.LL_EXTI_Init) refers to stm32f1xx_ll_exti.o(i.LL_EXTI_EnableIT_0_31) for LL_EXTI_EnableIT_0_31
    stm32f1xx_ll_exti.o(i.LL_EXTI_Init) refers to stm32f1xx_ll_exti.o(i.LL_EXTI_DisableIT_0_31) for LL_EXTI_DisableIT_0_31
    stm32f1xx_ll_exti.o(i.LL_EXTI_Init) refers to stm32f1xx_ll_exti.o(i.LL_EXTI_EnableEvent_0_31) for LL_EXTI_EnableEvent_0_31
    stm32f1xx_ll_exti.o(i.LL_EXTI_Init) refers to stm32f1xx_ll_exti.o(i.LL_EXTI_EnableRisingTrig_0_31) for LL_EXTI_EnableRisingTrig_0_31
    stm32f1xx_ll_exti.o(i.LL_EXTI_Init) refers to stm32f1xx_ll_exti.o(i.LL_EXTI_EnableFallingTrig_0_31) for LL_EXTI_EnableFallingTrig_0_31
    stm32f1xx_ll_tim.o(i.LL_TIM_DeInit) refers to stm32f1xx_ll_tim.o(i.LL_APB1_GRP1_ForceReset) for LL_APB1_GRP1_ForceReset
    stm32f1xx_ll_tim.o(i.LL_TIM_DeInit) refers to stm32f1xx_ll_tim.o(i.LL_APB1_GRP1_ReleaseReset) for LL_APB1_GRP1_ReleaseReset
    stm32f1xx_ll_tim.o(i.LL_TIM_HALLSENSOR_Init) refers to stm32f1xx_ll_tim.o(i.LL_TIM_OC_SetCompareCH2) for LL_TIM_OC_SetCompareCH2
    stm32f1xx_ll_tim.o(i.LL_TIM_IC_Init) refers to stm32f1xx_ll_tim.o(i.IC1Config) for IC1Config
    stm32f1xx_ll_tim.o(i.LL_TIM_IC_Init) refers to stm32f1xx_ll_tim.o(i.IC2Config) for IC2Config
    stm32f1xx_ll_tim.o(i.LL_TIM_IC_Init) refers to stm32f1xx_ll_tim.o(i.IC3Config) for IC3Config
    stm32f1xx_ll_tim.o(i.LL_TIM_IC_Init) refers to stm32f1xx_ll_tim.o(i.IC4Config) for IC4Config
    stm32f1xx_ll_tim.o(i.LL_TIM_OC_Init) refers to stm32f1xx_ll_tim.o(i.OC1Config) for OC1Config
    stm32f1xx_ll_tim.o(i.LL_TIM_OC_Init) refers to stm32f1xx_ll_tim.o(i.OC2Config) for OC2Config
    stm32f1xx_ll_tim.o(i.LL_TIM_OC_Init) refers to stm32f1xx_ll_tim.o(i.OC3Config) for OC3Config
    stm32f1xx_ll_tim.o(i.LL_TIM_OC_Init) refers to stm32f1xx_ll_tim.o(i.OC4Config) for OC4Config
    stm32f1xx_ll_tim.o(i.OC2Config) refers to stm32f1xx_ll_tim.o(i.LL_TIM_OC_SetCompareCH2) for LL_TIM_OC_SetCompareCH2
    stm32f1xx_ll_dma.o(i.LL_DMA_Init) refers to stm32f1xx_ll_dma.o(.constdata) for CHANNEL_OFFSET_TAB
    stm32f1xx_ll_rcc.o(i.LL_RCC_DeInit) refers to stm32f1xx_ll_rcc.o(i.LL_RCC_PLL_IsReady) for LL_RCC_PLL_IsReady
    stm32f1xx_ll_rcc.o(i.LL_RCC_GetADCClockFreq) refers to stm32f1xx_ll_rcc.o(i.RCC_GetSystemClockFreq) for RCC_GetSystemClockFreq
    stm32f1xx_ll_rcc.o(i.LL_RCC_GetADCClockFreq) refers to stm32f1xx_ll_rcc.o(i.RCC_GetHCLKClockFreq) for RCC_GetHCLKClockFreq
    stm32f1xx_ll_rcc.o(i.LL_RCC_GetADCClockFreq) refers to stm32f1xx_ll_rcc.o(i.RCC_GetPCLK2ClockFreq) for RCC_GetPCLK2ClockFreq
    stm32f1xx_ll_rcc.o(i.LL_RCC_GetSystemClocksFreq) refers to stm32f1xx_ll_rcc.o(i.RCC_GetSystemClockFreq) for RCC_GetSystemClockFreq
    stm32f1xx_ll_rcc.o(i.LL_RCC_GetSystemClocksFreq) refers to stm32f1xx_ll_rcc.o(i.RCC_GetHCLKClockFreq) for RCC_GetHCLKClockFreq
    stm32f1xx_ll_rcc.o(i.LL_RCC_GetSystemClocksFreq) refers to stm32f1xx_ll_rcc.o(i.RCC_GetPCLK1ClockFreq) for RCC_GetPCLK1ClockFreq
    stm32f1xx_ll_rcc.o(i.LL_RCC_GetSystemClocksFreq) refers to stm32f1xx_ll_rcc.o(i.RCC_GetPCLK2ClockFreq) for RCC_GetPCLK2ClockFreq
    stm32f1xx_ll_rcc.o(i.LL_RCC_GetUSBClockFreq) refers to stm32f1xx_ll_rcc.o(i.LL_RCC_PLL_IsReady) for LL_RCC_PLL_IsReady
    stm32f1xx_ll_rcc.o(i.LL_RCC_GetUSBClockFreq) refers to stm32f1xx_ll_rcc.o(i.RCC_PLL_GetFreqDomain_SYS) for RCC_PLL_GetFreqDomain_SYS
    stm32f1xx_ll_rcc.o(i.RCC_GetHCLKClockFreq) refers to system_stm32f1xx.o(.constdata) for AHBPrescTable
    stm32f1xx_ll_rcc.o(i.RCC_GetPCLK1ClockFreq) refers to system_stm32f1xx.o(.constdata) for APBPrescTable
    stm32f1xx_ll_rcc.o(i.RCC_GetPCLK2ClockFreq) refers to system_stm32f1xx.o(.constdata) for APBPrescTable
    stm32f1xx_ll_rcc.o(i.RCC_GetSystemClockFreq) refers to stm32f1xx_ll_rcc.o(i.RCC_PLL_GetFreqDomain_SYS) for RCC_PLL_GetFreqDomain_SYS
    stm32f1xx_ll_utils.o(i.LL_PLL_ConfigSystemClock_HSE) refers to stm32f1xx_ll_utils.o(i.UTILS_PLL_IsBusy) for UTILS_PLL_IsBusy
    stm32f1xx_ll_utils.o(i.LL_PLL_ConfigSystemClock_HSE) refers to stm32f1xx_ll_utils.o(i.UTILS_GetPLLOutputFrequency) for UTILS_GetPLLOutputFrequency
    stm32f1xx_ll_utils.o(i.LL_PLL_ConfigSystemClock_HSE) refers to stm32f1xx_ll_utils.o(i.LL_RCC_HSE_IsReady) for LL_RCC_HSE_IsReady
    stm32f1xx_ll_utils.o(i.LL_PLL_ConfigSystemClock_HSE) refers to stm32f1xx_ll_utils.o(i.LL_RCC_PLL_ConfigDomain_SYS) for LL_RCC_PLL_ConfigDomain_SYS
    stm32f1xx_ll_utils.o(i.LL_PLL_ConfigSystemClock_HSE) refers to stm32f1xx_ll_utils.o(i.UTILS_EnablePLLAndSwitchSystem) for UTILS_EnablePLLAndSwitchSystem
    stm32f1xx_ll_utils.o(i.LL_PLL_ConfigSystemClock_HSI) refers to stm32f1xx_ll_utils.o(i.UTILS_PLL_IsBusy) for UTILS_PLL_IsBusy
    stm32f1xx_ll_utils.o(i.LL_PLL_ConfigSystemClock_HSI) refers to stm32f1xx_ll_utils.o(i.UTILS_GetPLLOutputFrequency) for UTILS_GetPLLOutputFrequency
    stm32f1xx_ll_utils.o(i.LL_PLL_ConfigSystemClock_HSI) refers to stm32f1xx_ll_utils.o(i.LL_RCC_HSI_IsReady) for LL_RCC_HSI_IsReady
    stm32f1xx_ll_utils.o(i.LL_PLL_ConfigSystemClock_HSI) refers to stm32f1xx_ll_utils.o(i.LL_RCC_PLL_ConfigDomain_SYS) for LL_RCC_PLL_ConfigDomain_SYS
    stm32f1xx_ll_utils.o(i.LL_PLL_ConfigSystemClock_HSI) refers to stm32f1xx_ll_utils.o(i.UTILS_EnablePLLAndSwitchSystem) for UTILS_EnablePLLAndSwitchSystem
    stm32f1xx_ll_utils.o(i.LL_SetSystemCoreClock) refers to system_stm32f1xx.o(.data) for SystemCoreClock
    stm32f1xx_ll_utils.o(i.UTILS_EnablePLLAndSwitchSystem) refers to stm32f1xx_ll_utils.o(i.UTILS_SetFlashLatency) for UTILS_SetFlashLatency
    stm32f1xx_ll_utils.o(i.UTILS_EnablePLLAndSwitchSystem) refers to stm32f1xx_ll_utils.o(i.LL_RCC_PLL_IsReady) for LL_RCC_PLL_IsReady
    stm32f1xx_ll_utils.o(i.UTILS_EnablePLLAndSwitchSystem) refers to stm32f1xx_ll_utils.o(i.LL_SetSystemCoreClock) for LL_SetSystemCoreClock
    stm32f1xx_ll_utils.o(i.UTILS_EnablePLLAndSwitchSystem) refers to system_stm32f1xx.o(.constdata) for AHBPrescTable
    stm32f1xx_ll_utils.o(i.UTILS_EnablePLLAndSwitchSystem) refers to system_stm32f1xx.o(.data) for SystemCoreClock
    stm32f1xx_ll_utils.o(i.UTILS_PLL_IsBusy) refers to stm32f1xx_ll_utils.o(i.LL_RCC_PLL_IsReady) for LL_RCC_PLL_IsReady
    system_stm32f1xx.o(i.SystemCoreClockUpdate) refers to system_stm32f1xx.o(.data) for SystemCoreClock
    system_stm32f1xx.o(i.SystemCoreClockUpdate) refers to system_stm32f1xx.o(.constdata) for AHBPrescTable
    entry.o(.ARM.Collect$$$$00000000) refers (Special) to entry10a.o(.ARM.Collect$$$$0000000D) for __rt_final_cpp
    entry.o(.ARM.Collect$$$$00000000) refers (Special) to entry11a.o(.ARM.Collect$$$$0000000F) for __rt_final_exit
    entry.o(.ARM.Collect$$$$00000000) refers (Special) to entry7b.o(.ARM.Collect$$$$00000008) for _main_clock
    entry.o(.ARM.Collect$$$$00000000) refers (Special) to entry8b.o(.ARM.Collect$$$$0000000A) for _main_cpp_init
    entry.o(.ARM.Collect$$$$00000000) refers (Special) to entry9a.o(.ARM.Collect$$$$0000000B) for _main_init
    entry.o(.ARM.Collect$$$$00000000) refers (Special) to entry5.o(.ARM.Collect$$$$00000004) for _main_scatterload
    entry.o(.ARM.Collect$$$$00000000) refers (Special) to entry2.o(.ARM.Collect$$$$00000001) for _main_stk
    entry2.o(.ARM.Collect$$$$00000001) refers to entry2.o(.ARM.Collect$$$$00002712) for __lit__00000000
    entry2.o(.ARM.Collect$$$$00002712) refers to startup_stm32f103xb.o(STACK) for __initial_sp
    entry2.o(__vectab_stack_and_reset_area) refers to startup_stm32f103xb.o(STACK) for __initial_sp
    entry2.o(__vectab_stack_and_reset_area) refers to entry.o(.ARM.Collect$$$$00000000) for __main
    entry5.o(.ARM.Collect$$$$00000004) refers to init.o(.text) for __scatterload
    entry9a.o(.ARM.Collect$$$$0000000B) refers to main.o(i.main) for main
    entry9b.o(.ARM.Collect$$$$0000000C) refers to main.o(i.main) for main
    init.o(.text) refers to entry5.o(.ARM.Collect$$$$00000004) for __main_after_scatterload


==============================================================================

Removing Unused input sections from the image.

    Removing startup_stm32f103xb.o(HEAP), (512 bytes).
    Removing main.o(.rev16_text), (4 bytes).
    Removing main.o(.revsh_text), (4 bytes).
    Removing main.o(.rrx_text), (6 bytes).
    Removing main.o(.bss), (66 bytes).
    Removing main.o(.constdata), (42 bytes).
    Removing stm32f1xx_it.o(.rev16_text), (4 bytes).
    Removing stm32f1xx_it.o(.revsh_text), (4 bytes).
    Removing stm32f1xx_it.o(.rrx_text), (6 bytes).
    Removing stm32f1xx_it.o(.constdata), (42 bytes).
    Removing stm32f1xx_ll_gpio.o(.rev16_text), (4 bytes).
    Removing stm32f1xx_ll_gpio.o(.revsh_text), (4 bytes).
    Removing stm32f1xx_ll_gpio.o(.rrx_text), (6 bytes).
    Removing stm32f1xx_ll_gpio.o(i.LL_APB2_GRP1_ForceReset), (16 bytes).
    Removing stm32f1xx_ll_gpio.o(i.LL_APB2_GRP1_ReleaseReset), (16 bytes).
    Removing stm32f1xx_ll_gpio.o(i.LL_GPIO_DeInit), (132 bytes).
    Removing stm32f1xx_ll_gpio.o(i.LL_GPIO_StructInit), (24 bytes).
    Removing stm32f1xx_ll_pwr.o(.rev16_text), (4 bytes).
    Removing stm32f1xx_ll_pwr.o(.revsh_text), (4 bytes).
    Removing stm32f1xx_ll_pwr.o(.rrx_text), (6 bytes).
    Removing stm32f1xx_ll_pwr.o(i.LL_PWR_DeInit), (36 bytes).
    Removing stm32f1xx_ll_exti.o(.rev16_text), (4 bytes).
    Removing stm32f1xx_ll_exti.o(.revsh_text), (4 bytes).
    Removing stm32f1xx_ll_exti.o(.rrx_text), (6 bytes).
    Removing stm32f1xx_ll_exti.o(i.LL_EXTI_DeInit), (40 bytes).
    Removing stm32f1xx_ll_exti.o(i.LL_EXTI_StructInit), (14 bytes).
    Removing stm32f1xx_ll_tim.o(.rev16_text), (4 bytes).
    Removing stm32f1xx_ll_tim.o(.revsh_text), (4 bytes).
    Removing stm32f1xx_ll_tim.o(.rrx_text), (6 bytes).
    Removing stm32f1xx_ll_tim.o(i.IC1Config), (52 bytes).
    Removing stm32f1xx_ll_tim.o(i.IC2Config), (56 bytes).
    Removing stm32f1xx_ll_tim.o(i.IC3Config), (58 bytes).
    Removing stm32f1xx_ll_tim.o(i.IC4Config), (58 bytes).
    Removing stm32f1xx_ll_tim.o(i.LL_APB1_GRP1_ForceReset), (16 bytes).
    Removing stm32f1xx_ll_tim.o(i.LL_APB1_GRP1_ReleaseReset), (16 bytes).
    Removing stm32f1xx_ll_tim.o(i.LL_TIM_BDTR_Init), (82 bytes).
    Removing stm32f1xx_ll_tim.o(i.LL_TIM_BDTR_StructInit), (18 bytes).
    Removing stm32f1xx_ll_tim.o(i.LL_TIM_DeInit), (124 bytes).
    Removing stm32f1xx_ll_tim.o(i.LL_TIM_ENCODER_Init), (104 bytes).
    Removing stm32f1xx_ll_tim.o(i.LL_TIM_ENCODER_StructInit), (36 bytes).
    Removing stm32f1xx_ll_tim.o(i.LL_TIM_HALLSENSOR_Init), (124 bytes).
    Removing stm32f1xx_ll_tim.o(i.LL_TIM_HALLSENSOR_StructInit), (12 bytes).
    Removing stm32f1xx_ll_tim.o(i.LL_TIM_IC_Init), (92 bytes).
    Removing stm32f1xx_ll_tim.o(i.LL_TIM_IC_StructInit), (18 bytes).
    Removing stm32f1xx_ll_tim.o(i.LL_TIM_OC_Init), (92 bytes).
    Removing stm32f1xx_ll_tim.o(i.LL_TIM_OC_SetCompareCH2), (4 bytes).
    Removing stm32f1xx_ll_tim.o(i.LL_TIM_OC_StructInit), (20 bytes).
    Removing stm32f1xx_ll_tim.o(i.LL_TIM_StructInit), (18 bytes).
    Removing stm32f1xx_ll_tim.o(i.OC1Config), (124 bytes).
    Removing stm32f1xx_ll_tim.o(i.OC2Config), (136 bytes).
    Removing stm32f1xx_ll_tim.o(i.OC3Config), (124 bytes).
    Removing stm32f1xx_ll_tim.o(i.OC4Config), (96 bytes).
    Removing stm32f1xx_ll_tim.o(.constdata), (35 bytes).
    Removing stm32f1xx_ll_dma.o(.rev16_text), (4 bytes).
    Removing stm32f1xx_ll_dma.o(.revsh_text), (4 bytes).
    Removing stm32f1xx_ll_dma.o(.rrx_text), (6 bytes).
    Removing stm32f1xx_ll_dma.o(i.LL_DMA_DeInit), (252 bytes).
    Removing stm32f1xx_ll_dma.o(i.LL_DMA_Init), (120 bytes).
    Removing stm32f1xx_ll_dma.o(i.LL_DMA_StructInit), (24 bytes).
    Removing stm32f1xx_ll_dma.o(.constdata), (7 bytes).
    Removing stm32f1xx_ll_rcc.o(.rev16_text), (4 bytes).
    Removing stm32f1xx_ll_rcc.o(.revsh_text), (4 bytes).
    Removing stm32f1xx_ll_rcc.o(.rrx_text), (6 bytes).
    Removing stm32f1xx_ll_rcc.o(i.LL_RCC_DeInit), (152 bytes).
    Removing stm32f1xx_ll_rcc.o(i.LL_RCC_GetADCClockFreq), (68 bytes).
    Removing stm32f1xx_ll_rcc.o(i.LL_RCC_GetSystemClocksFreq), (36 bytes).
    Removing stm32f1xx_ll_rcc.o(i.LL_RCC_GetUSBClockFreq), (68 bytes).
    Removing stm32f1xx_ll_rcc.o(i.LL_RCC_PLL_IsReady), (16 bytes).
    Removing stm32f1xx_ll_rcc.o(i.RCC_GetHCLKClockFreq), (32 bytes).
    Removing stm32f1xx_ll_rcc.o(i.RCC_GetPCLK1ClockFreq), (36 bytes).
    Removing stm32f1xx_ll_rcc.o(i.RCC_GetPCLK2ClockFreq), (36 bytes).
    Removing stm32f1xx_ll_rcc.o(i.RCC_GetSystemClockFreq), (60 bytes).
    Removing stm32f1xx_ll_rcc.o(i.RCC_PLL_GetFreqDomain_SYS), (88 bytes).
    Removing stm32f1xx_ll_utils.o(.rev16_text), (4 bytes).
    Removing stm32f1xx_ll_utils.o(.revsh_text), (4 bytes).
    Removing stm32f1xx_ll_utils.o(.rrx_text), (6 bytes).
    Removing stm32f1xx_ll_utils.o(i.LL_PLL_ConfigSystemClock_HSE), (152 bytes).
    Removing stm32f1xx_ll_utils.o(i.LL_PLL_ConfigSystemClock_HSI), (104 bytes).
    Removing stm32f1xx_ll_utils.o(i.LL_RCC_HSE_IsReady), (16 bytes).
    Removing stm32f1xx_ll_utils.o(i.LL_RCC_HSI_IsReady), (16 bytes).
    Removing stm32f1xx_ll_utils.o(i.LL_RCC_PLL_ConfigDomain_SYS), (28 bytes).
    Removing stm32f1xx_ll_utils.o(i.LL_RCC_PLL_IsReady), (16 bytes).
    Removing stm32f1xx_ll_utils.o(i.LL_mDelay), (40 bytes).
    Removing stm32f1xx_ll_utils.o(i.UTILS_EnablePLLAndSwitchSystem), (220 bytes).
    Removing stm32f1xx_ll_utils.o(i.UTILS_GetPLLOutputFrequency), (32 bytes).
    Removing stm32f1xx_ll_utils.o(i.UTILS_PLL_IsBusy), (16 bytes).
    Removing stm32f1xx_ll_utils.o(i.UTILS_SetFlashLatency), (80 bytes).
    Removing system_stm32f1xx.o(.rev16_text), (4 bytes).
    Removing system_stm32f1xx.o(.revsh_text), (4 bytes).
    Removing system_stm32f1xx.o(.rrx_text), (6 bytes).
    Removing system_stm32f1xx.o(i.SystemCoreClockUpdate), (164 bytes).
    Removing system_stm32f1xx.o(.constdata), (24 bytes).

92 unused section(s) (total 4498 bytes) removed from the image.

==============================================================================

Image Symbol Table

    Local Symbols

    Symbol Name                              Value     Ov Type        Size  Object(Section)

    ../Core/Src/main.c                       0x00000000   Number         0  main.o ABSOLUTE
    ../Core/Src/stm32f1xx_it.c               0x00000000   Number         0  stm32f1xx_it.o ABSOLUTE
    ../Core/Src/system_stm32f1xx.c           0x00000000   Number         0  system_stm32f1xx.o ABSOLUTE
    ../Drivers/STM32F1xx_HAL_Driver/Src/stm32f1xx_ll_dma.c 0x00000000   Number         0  stm32f1xx_ll_dma.o ABSOLUTE
    ../Drivers/STM32F1xx_HAL_Driver/Src/stm32f1xx_ll_exti.c 0x00000000   Number         0  stm32f1xx_ll_exti.o ABSOLUTE
    ../Drivers/STM32F1xx_HAL_Driver/Src/stm32f1xx_ll_gpio.c 0x00000000   Number         0  stm32f1xx_ll_gpio.o ABSOLUTE
    ../Drivers/STM32F1xx_HAL_Driver/Src/stm32f1xx_ll_pwr.c 0x00000000   Number         0  stm32f1xx_ll_pwr.o ABSOLUTE
    ../Drivers/STM32F1xx_HAL_Driver/Src/stm32f1xx_ll_rcc.c 0x00000000   Number         0  stm32f1xx_ll_rcc.o ABSOLUTE
    ../Drivers/STM32F1xx_HAL_Driver/Src/stm32f1xx_ll_tim.c 0x00000000   Number         0  stm32f1xx_ll_tim.o ABSOLUTE
    ../Drivers/STM32F1xx_HAL_Driver/Src/stm32f1xx_ll_utils.c 0x00000000   Number         0  stm32f1xx_ll_utils.o ABSOLUTE
    ../clib/microlib/init/entry.s            0x00000000   Number         0  entry2.o ABSOLUTE
    ../clib/microlib/init/entry.s            0x00000000   Number         0  entry11b.o ABSOLUTE
    ../clib/microlib/init/entry.s            0x00000000   Number         0  entry11a.o ABSOLUTE
    ../clib/microlib/init/entry.s            0x00000000   Number         0  entry10b.o ABSOLUTE
    ../clib/microlib/init/entry.s            0x00000000   Number         0  entry10a.o ABSOLUTE
    ../clib/microlib/init/entry.s            0x00000000   Number         0  entry9b.o ABSOLUTE
    ../clib/microlib/init/entry.s            0x00000000   Number         0  entry5.o ABSOLUTE
    ../clib/microlib/init/entry.s            0x00000000   Number         0  entry9a.o ABSOLUTE
    ../clib/microlib/init/entry.s            0x00000000   Number         0  entry8b.o ABSOLUTE
    ../clib/microlib/init/entry.s            0x00000000   Number         0  entry8a.o ABSOLUTE
    ../clib/microlib/init/entry.s            0x00000000   Number         0  entry7b.o ABSOLUTE
    ../clib/microlib/init/entry.s            0x00000000   Number         0  entry.o ABSOLUTE
    ../clib/microlib/init/entry.s            0x00000000   Number         0  entry7a.o ABSOLUTE
    ..\Core\Src\main.c                       0x00000000   Number         0  main.o ABSOLUTE
    ..\Core\Src\stm32f1xx_it.c               0x00000000   Number         0  stm32f1xx_it.o ABSOLUTE
    ..\Core\Src\system_stm32f1xx.c           0x00000000   Number         0  system_stm32f1xx.o ABSOLUTE
    ..\Drivers\STM32F1xx_HAL_Driver\Src\stm32f1xx_ll_dma.c 0x00000000   Number         0  stm32f1xx_ll_dma.o ABSOLUTE
    ..\Drivers\STM32F1xx_HAL_Driver\Src\stm32f1xx_ll_exti.c 0x00000000   Number         0  stm32f1xx_ll_exti.o ABSOLUTE
    ..\Drivers\STM32F1xx_HAL_Driver\Src\stm32f1xx_ll_gpio.c 0x00000000   Number         0  stm32f1xx_ll_gpio.o ABSOLUTE
    ..\Drivers\STM32F1xx_HAL_Driver\Src\stm32f1xx_ll_pwr.c 0x00000000   Number         0  stm32f1xx_ll_pwr.o ABSOLUTE
    ..\Drivers\STM32F1xx_HAL_Driver\Src\stm32f1xx_ll_rcc.c 0x00000000   Number         0  stm32f1xx_ll_rcc.o ABSOLUTE
    ..\Drivers\STM32F1xx_HAL_Driver\Src\stm32f1xx_ll_tim.c 0x00000000   Number         0  stm32f1xx_ll_tim.o ABSOLUTE
    ..\Drivers\STM32F1xx_HAL_Driver\Src\stm32f1xx_ll_utils.c 0x00000000   Number         0  stm32f1xx_ll_utils.o ABSOLUTE
    dc.s                                     0x00000000   Number         0  dc.o ABSOLUTE
    handlers.s                               0x00000000   Number         0  handlers.o ABSOLUTE
    init.s                                   0x00000000   Number         0  init.o ABSOLUTE
    startup_stm32f103xb.s                    0x00000000   Number         0  startup_stm32f103xb.o ABSOLUTE
    RESET                                    0x08000000   Section      236  startup_stm32f103xb.o(RESET)
    .ARM.Collect$$$$00000000                 0x080000ec   Section        0  entry.o(.ARM.Collect$$$$00000000)
    .ARM.Collect$$$$00000001                 0x080000ec   Section        4  entry2.o(.ARM.Collect$$$$00000001)
    .ARM.Collect$$$$00000004                 0x080000f0   Section        4  entry5.o(.ARM.Collect$$$$00000004)
    .ARM.Collect$$$$00000008                 0x080000f4   Section        0  entry7b.o(.ARM.Collect$$$$00000008)
    .ARM.Collect$$$$0000000A                 0x080000f4   Section        0  entry8b.o(.ARM.Collect$$$$0000000A)
    .ARM.Collect$$$$0000000B                 0x080000f4   Section        8  entry9a.o(.ARM.Collect$$$$0000000B)
    .ARM.Collect$$$$0000000D                 0x080000fc   Section        0  entry10a.o(.ARM.Collect$$$$0000000D)
    .ARM.Collect$$$$0000000F                 0x080000fc   Section        0  entry11a.o(.ARM.Collect$$$$0000000F)
    .ARM.Collect$$$$00002712                 0x080000fc   Section        4  entry2.o(.ARM.Collect$$$$00002712)
    __lit__00000000                          0x080000fc   Data           4  entry2.o(.ARM.Collect$$$$00002712)
    .text                                    0x08000100   Section       36  startup_stm32f103xb.o(.text)
    .text                                    0x08000124   Section       36  init.o(.text)
    i.BusFault_Handler                       0x08000148   Section        0  stm32f1xx_it.o(i.BusFault_Handler)
    i.DebugMon_Handler                       0x0800014c   Section        0  stm32f1xx_it.o(i.DebugMon_Handler)
    i.Delay                                  0x08000150   Section        0  main.o(i.Delay)
    i.EXTI9_5_IRQHandler                     0x08000164   Section        0  stm32f1xx_it.o(i.EXTI9_5_IRQHandler)
    i.HardFault_Handler                      0x08000298   Section        0  stm32f1xx_it.o(i.HardFault_Handler)
    i.LL_APB1_GRP1_EnableClock               0x0800029c   Section        0  main.o(i.LL_APB1_GRP1_EnableClock)
    LL_APB1_GRP1_EnableClock                 0x0800029d   Thumb Code    24  main.o(i.LL_APB1_GRP1_EnableClock)
    i.LL_APB2_GRP1_EnableClock               0x080002b8   Section        0  main.o(i.LL_APB2_GRP1_EnableClock)
    LL_APB2_GRP1_EnableClock                 0x080002b9   Thumb Code    24  main.o(i.LL_APB2_GRP1_EnableClock)
    i.LL_EXTI_ClearFlag_0_31                 0x080002d4   Section        0  stm32f1xx_it.o(i.LL_EXTI_ClearFlag_0_31)
    LL_EXTI_ClearFlag_0_31                   0x080002d5   Thumb Code     6  stm32f1xx_it.o(i.LL_EXTI_ClearFlag_0_31)
    i.LL_EXTI_DisableEvent_0_31              0x080002e0   Section        0  stm32f1xx_ll_exti.o(i.LL_EXTI_DisableEvent_0_31)
    LL_EXTI_DisableEvent_0_31                0x080002e1   Thumb Code    12  stm32f1xx_ll_exti.o(i.LL_EXTI_DisableEvent_0_31)
    i.LL_EXTI_DisableIT_0_31                 0x080002f0   Section        0  stm32f1xx_ll_exti.o(i.LL_EXTI_DisableIT_0_31)
    LL_EXTI_DisableIT_0_31                   0x080002f1   Thumb Code    12  stm32f1xx_ll_exti.o(i.LL_EXTI_DisableIT_0_31)
    i.LL_EXTI_EnableEvent_0_31               0x08000300   Section        0  stm32f1xx_ll_exti.o(i.LL_EXTI_EnableEvent_0_31)
    LL_EXTI_EnableEvent_0_31                 0x08000301   Thumb Code    12  stm32f1xx_ll_exti.o(i.LL_EXTI_EnableEvent_0_31)
    i.LL_EXTI_EnableFallingTrig_0_31         0x08000310   Section        0  stm32f1xx_ll_exti.o(i.LL_EXTI_EnableFallingTrig_0_31)
    LL_EXTI_EnableFallingTrig_0_31           0x08000311   Thumb Code    12  stm32f1xx_ll_exti.o(i.LL_EXTI_EnableFallingTrig_0_31)
    i.LL_EXTI_EnableIT_0_31                  0x08000320   Section        0  stm32f1xx_ll_exti.o(i.LL_EXTI_EnableIT_0_31)
    LL_EXTI_EnableIT_0_31                    0x08000321   Thumb Code    12  stm32f1xx_ll_exti.o(i.LL_EXTI_EnableIT_0_31)
    i.LL_EXTI_EnableRisingTrig_0_31          0x08000330   Section        0  stm32f1xx_ll_exti.o(i.LL_EXTI_EnableRisingTrig_0_31)
    LL_EXTI_EnableRisingTrig_0_31            0x08000331   Thumb Code    12  stm32f1xx_ll_exti.o(i.LL_EXTI_EnableRisingTrig_0_31)
    i.LL_EXTI_Init                           0x08000340   Section        0  stm32f1xx_ll_exti.o(i.LL_EXTI_Init)
    i.LL_EXTI_IsActiveFlag_0_31              0x080003fc   Section        0  stm32f1xx_it.o(i.LL_EXTI_IsActiveFlag_0_31)
    LL_EXTI_IsActiveFlag_0_31                0x080003fd   Thumb Code    20  stm32f1xx_it.o(i.LL_EXTI_IsActiveFlag_0_31)
    i.LL_GPIO_AF_SetEXTISource               0x08000414   Section        0  main.o(i.LL_GPIO_AF_SetEXTISource)
    LL_GPIO_AF_SetEXTISource                 0x08000415   Thumb Code    40  main.o(i.LL_GPIO_AF_SetEXTISource)
    i.LL_GPIO_Init                           0x08000440   Section        0  stm32f1xx_ll_gpio.o(i.LL_GPIO_Init)
    i.LL_GPIO_IsInputPinSet                  0x08000562   Section        0  main.o(i.LL_GPIO_IsInputPinSet)
    LL_GPIO_IsInputPinSet                    0x08000563   Thumb Code    26  main.o(i.LL_GPIO_IsInputPinSet)
    i.LL_GPIO_ResetOutputPin                 0x0800057c   Section        0  stm32f1xx_it.o(i.LL_GPIO_ResetOutputPin)
    LL_GPIO_ResetOutputPin                   0x0800057d   Thumb Code     8  stm32f1xx_it.o(i.LL_GPIO_ResetOutputPin)
    i.LL_GPIO_SetOutputPin                   0x08000584   Section        0  stm32f1xx_it.o(i.LL_GPIO_SetOutputPin)
    LL_GPIO_SetOutputPin                     0x08000585   Thumb Code     8  stm32f1xx_it.o(i.LL_GPIO_SetOutputPin)
    i.LL_GPIO_SetPinMode                     0x0800058c   Section        0  main.o(i.LL_GPIO_SetPinMode)
    LL_GPIO_SetPinMode                       0x0800058d   Thumb Code    44  main.o(i.LL_GPIO_SetPinMode)
    i.LL_GPIO_TogglePin                      0x080005b8   Section        0  main.o(i.LL_GPIO_TogglePin)
    LL_GPIO_TogglePin                        0x080005b9   Thumb Code    12  main.o(i.LL_GPIO_TogglePin)
    i.LL_Init                                0x080005c4   Section        0  main.o(i.LL_Init)
    LL_Init                                  0x080005c5   Thumb Code   254  main.o(i.LL_Init)
    i.LL_Init1msTick                         0x080006d0   Section        0  stm32f1xx_ll_utils.o(i.LL_Init1msTick)
    i.LL_SetSystemCoreClock                  0x080006ec   Section        0  stm32f1xx_ll_utils.o(i.LL_SetSystemCoreClock)
    i.LL_TIM_Init                            0x080006f8   Section        0  stm32f1xx_ll_tim.o(i.LL_TIM_Init)
    i.LL_TIM_SetCounter                      0x0800077c   Section        0  stm32f1xx_it.o(i.LL_TIM_SetCounter)
    LL_TIM_SetCounter                        0x0800077d   Thumb Code     4  stm32f1xx_it.o(i.LL_TIM_SetCounter)
    i.MX_GPIO_Init                           0x08000780   Section        0  main.o(i.MX_GPIO_Init)
    MX_GPIO_Init                             0x08000781   Thumb Code   248  main.o(i.MX_GPIO_Init)
    i.MX_TIM4_Init                           0x08000894   Section        0  main.o(i.MX_TIM4_Init)
    MX_TIM4_Init                             0x08000895   Thumb Code   138  main.o(i.MX_TIM4_Init)
    i.MemManage_Handler                      0x08000924   Section        0  stm32f1xx_it.o(i.MemManage_Handler)
    i.NMI_Handler                            0x08000928   Section        0  stm32f1xx_it.o(i.NMI_Handler)
    i.NVIC_EnableIRQ                         0x0800092a   Section        0  main.o(i.NVIC_EnableIRQ)
    NVIC_EnableIRQ                           0x0800092b   Thumb Code    22  main.o(i.NVIC_EnableIRQ)
    i.NVIC_EncodePriority                    0x08000940   Section        0  main.o(i.NVIC_EncodePriority)
    NVIC_EncodePriority                      0x08000941   Thumb Code    64  main.o(i.NVIC_EncodePriority)
    i.NVIC_GetPriorityGrouping               0x08000980   Section        0  main.o(i.NVIC_GetPriorityGrouping)
    NVIC_GetPriorityGrouping                 0x08000981   Thumb Code    10  main.o(i.NVIC_GetPriorityGrouping)
    i.NVIC_SetPriority                       0x08000990   Section        0  main.o(i.NVIC_SetPriority)
    NVIC_SetPriority                         0x08000991   Thumb Code    32  main.o(i.NVIC_SetPriority)
    i.PendSV_Handler                         0x080009b8   Section        0  stm32f1xx_it.o(i.PendSV_Handler)
    i.SVC_Handler                            0x080009ba   Section        0  stm32f1xx_it.o(i.SVC_Handler)
    i.SysTick_Handler                        0x080009bc   Section        0  stm32f1xx_it.o(i.SysTick_Handler)
    i.SystemClock_Config                     0x080009cc   Section        0  main.o(i.SystemClock_Config)
    i.SystemInit                             0x08000b24   Section        0  system_stm32f1xx.o(i.SystemInit)
    i.TIM4_IRQHandler                        0x08000b7c   Section        0  stm32f1xx_it.o(i.TIM4_IRQHandler)
    i.UsageFault_Handler                     0x08000b8c   Section        0  stm32f1xx_it.o(i.UsageFault_Handler)
    i._Error_Handler                         0x08000b90   Section        0  main.o(i._Error_Handler)
    i.__scatterload_copy                     0x08000b94   Section       14  handlers.o(i.__scatterload_copy)
    i.__scatterload_null                     0x08000ba2   Section        2  handlers.o(i.__scatterload_null)
    i.__scatterload_zeroinit                 0x08000ba4   Section       14  handlers.o(i.__scatterload_zeroinit)
    i.main                                   0x08000bb4   Section        0  main.o(i.main)
    .data                                    0x20000000   Section       34  main.o(.data)
    .data                                    0x20000024   Section        4  stm32f1xx_it.o(.data)
    .data                                    0x20000028   Section        4  system_stm32f1xx.o(.data)
    STACK                                    0x20000030   Section     1024  startup_stm32f103xb.o(STACK)

    Global Symbols

    Symbol Name                              Value     Ov Type        Size  Object(Section)

    BuildAttributes$$THM_ISAv4$P$D$K$B$S$PE$A:L22UL41UL21$X:L11$S22US41US21$IEEE1$IW$USESV6$~STKCKD$USESV7$~SHL$OSPACE$EBA8$MICROLIB$REQ8$PRES8$EABIv2 0x00000000   Number         0  anon$$obj.o ABSOLUTE
    __ARM_use_no_argv                        0x00000000   Number         0  main.o ABSOLUTE
    __cpp_initialize__aeabi_                  - Undefined Weak Reference
    __cxa_finalize                            - Undefined Weak Reference
    __decompress                              - Undefined Weak Reference
    _clock_init                               - Undefined Weak Reference
    _microlib_exit                            - Undefined Weak Reference
    __Vectors_Size                           0x000000ec   Number         0  startup_stm32f103xb.o ABSOLUTE
    __Vectors                                0x08000000   Data           4  startup_stm32f103xb.o(RESET)
    __Vectors_End                            0x080000ec   Data           0  startup_stm32f103xb.o(RESET)
    __main                                   0x080000ed   Thumb Code     0  entry.o(.ARM.Collect$$$$00000000)
    _main_stk                                0x080000ed   Thumb Code     0  entry2.o(.ARM.Collect$$$$00000001)
    _main_scatterload                        0x080000f1   Thumb Code     0  entry5.o(.ARM.Collect$$$$00000004)
    __main_after_scatterload                 0x080000f5   Thumb Code     0  entry5.o(.ARM.Collect$$$$00000004)
    _main_clock                              0x080000f5   Thumb Code     0  entry7b.o(.ARM.Collect$$$$00000008)
    _main_cpp_init                           0x080000f5   Thumb Code     0  entry8b.o(.ARM.Collect$$$$0000000A)
    _main_init                               0x080000f5   Thumb Code     0  entry9a.o(.ARM.Collect$$$$0000000B)
    __rt_final_cpp                           0x080000fd   Thumb Code     0  entry10a.o(.ARM.Collect$$$$0000000D)
    __rt_final_exit                          0x080000fd   Thumb Code     0  entry11a.o(.ARM.Collect$$$$0000000F)
    Reset_Handler                            0x08000101   Thumb Code     8  startup_stm32f103xb.o(.text)
    ADC1_2_IRQHandler                        0x0800011b   Thumb Code     0  startup_stm32f103xb.o(.text)
    CAN1_RX1_IRQHandler                      0x0800011b   Thumb Code     0  startup_stm32f103xb.o(.text)
    CAN1_SCE_IRQHandler                      0x0800011b   Thumb Code     0  startup_stm32f103xb.o(.text)
    DMA1_Channel1_IRQHandler                 0x0800011b   Thumb Code     0  startup_stm32f103xb.o(.text)
    DMA1_Channel2_IRQHandler                 0x0800011b   Thumb Code     0  startup_stm32f103xb.o(.text)
    DMA1_Channel3_IRQHandler                 0x0800011b   Thumb Code     0  startup_stm32f103xb.o(.text)
    DMA1_Channel4_IRQHandler                 0x0800011b   Thumb Code     0  startup_stm32f103xb.o(.text)
    DMA1_Channel5_IRQHandler                 0x0800011b   Thumb Code     0  startup_stm32f103xb.o(.text)
    DMA1_Channel6_IRQHandler                 0x0800011b   Thumb Code     0  startup_stm32f103xb.o(.text)
    DMA1_Channel7_IRQHandler                 0x0800011b   Thumb Code     0  startup_stm32f103xb.o(.text)
    EXTI0_IRQHandler                         0x0800011b   Thumb Code     0  startup_stm32f103xb.o(.text)
    EXTI15_10_IRQHandler                     0x0800011b   Thumb Code     0  startup_stm32f103xb.o(.text)
    EXTI1_IRQHandler                         0x0800011b   Thumb Code     0  startup_stm32f103xb.o(.text)
    EXTI2_IRQHandler                         0x0800011b   Thumb Code     0  startup_stm32f103xb.o(.text)
    EXTI3_IRQHandler                         0x0800011b   Thumb Code     0  startup_stm32f103xb.o(.text)
    EXTI4_IRQHandler                         0x0800011b   Thumb Code     0  startup_stm32f103xb.o(.text)
    FLASH_IRQHandler                         0x0800011b   Thumb Code     0  startup_stm32f103xb.o(.text)
    I2C1_ER_IRQHandler                       0x0800011b   Thumb Code     0  startup_stm32f103xb.o(.text)
    I2C1_EV_IRQHandler                       0x0800011b   Thumb Code     0  startup_stm32f103xb.o(.text)
    I2C2_ER_IRQHandler                       0x0800011b   Thumb Code     0  startup_stm32f103xb.o(.text)
    I2C2_EV_IRQHandler                       0x0800011b   Thumb Code     0  startup_stm32f103xb.o(.text)
    PVD_IRQHandler                           0x0800011b   Thumb Code     0  startup_stm32f103xb.o(.text)
    RCC_IRQHandler                           0x0800011b   Thumb Code     0  startup_stm32f103xb.o(.text)
    RTC_Alarm_IRQHandler                     0x0800011b   Thumb Code     0  startup_stm32f103xb.o(.text)
    RTC_IRQHandler                           0x0800011b   Thumb Code     0  startup_stm32f103xb.o(.text)
    SPI1_IRQHandler                          0x0800011b   Thumb Code     0  startup_stm32f103xb.o(.text)
    SPI2_IRQHandler                          0x0800011b   Thumb Code     0  startup_stm32f103xb.o(.text)
    TAMPER_IRQHandler                        0x0800011b   Thumb Code     0  startup_stm32f103xb.o(.text)
    TIM1_BRK_IRQHandler                      0x0800011b   Thumb Code     0  startup_stm32f103xb.o(.text)
    TIM1_CC_IRQHandler                       0x0800011b   Thumb Code     0  startup_stm32f103xb.o(.text)
    TIM1_TRG_COM_IRQHandler                  0x0800011b   Thumb Code     0  startup_stm32f103xb.o(.text)
    TIM1_UP_IRQHandler                       0x0800011b   Thumb Code     0  startup_stm32f103xb.o(.text)
    TIM2_IRQHandler                          0x0800011b   Thumb Code     0  startup_stm32f103xb.o(.text)
    TIM3_IRQHandler                          0x0800011b   Thumb Code     0  startup_stm32f103xb.o(.text)
    USART1_IRQHandler                        0x0800011b   Thumb Code     0  startup_stm32f103xb.o(.text)
    USART2_IRQHandler                        0x0800011b   Thumb Code     0  startup_stm32f103xb.o(.text)
    USART3_IRQHandler                        0x0800011b   Thumb Code     0  startup_stm32f103xb.o(.text)
    USBWakeUp_IRQHandler                     0x0800011b   Thumb Code     0  startup_stm32f103xb.o(.text)
    USB_HP_CAN1_TX_IRQHandler                0x0800011b   Thumb Code     0  startup_stm32f103xb.o(.text)
    USB_LP_CAN1_RX0_IRQHandler               0x0800011b   Thumb Code     0  startup_stm32f103xb.o(.text)
    WWDG_IRQHandler                          0x0800011b   Thumb Code     0  startup_stm32f103xb.o(.text)
    __scatterload                            0x08000125   Thumb Code    28  init.o(.text)
    __scatterload_rt2                        0x08000125   Thumb Code     0  init.o(.text)
    BusFault_Handler                         0x08000149   Thumb Code     4  stm32f1xx_it.o(i.BusFault_Handler)
    DebugMon_Handler                         0x0800014d   Thumb Code     2  stm32f1xx_it.o(i.DebugMon_Handler)
    Delay                                    0x08000151   Thumb Code    16  main.o(i.Delay)
    EXTI9_5_IRQHandler                       0x08000165   Thumb Code   266  stm32f1xx_it.o(i.EXTI9_5_IRQHandler)
    HardFault_Handler                        0x08000299   Thumb Code     4  stm32f1xx_it.o(i.HardFault_Handler)
    LL_EXTI_Init                             0x08000341   Thumb Code   184  stm32f1xx_ll_exti.o(i.LL_EXTI_Init)
    LL_GPIO_Init                             0x08000441   Thumb Code   290  stm32f1xx_ll_gpio.o(i.LL_GPIO_Init)
    LL_Init1msTick                           0x080006d1   Thumb Code    28  stm32f1xx_ll_utils.o(i.LL_Init1msTick)
    LL_SetSystemCoreClock                    0x080006ed   Thumb Code     6  stm32f1xx_ll_utils.o(i.LL_SetSystemCoreClock)
    LL_TIM_Init                              0x080006f9   Thumb Code   120  stm32f1xx_ll_tim.o(i.LL_TIM_Init)
    MemManage_Handler                        0x08000925   Thumb Code     4  stm32f1xx_it.o(i.MemManage_Handler)
    NMI_Handler                              0x08000929   Thumb Code     2  stm32f1xx_it.o(i.NMI_Handler)
    PendSV_Handler                           0x080009b9   Thumb Code     2  stm32f1xx_it.o(i.PendSV_Handler)
    SVC_Handler                              0x080009bb   Thumb Code     2  stm32f1xx_it.o(i.SVC_Handler)
    SysTick_Handler                          0x080009bd   Thumb Code    12  stm32f1xx_it.o(i.SysTick_Handler)
    SystemClock_Config                       0x080009cd   Thumb Code   312  main.o(i.SystemClock_Config)
    SystemInit                               0x08000b25   Thumb Code    70  system_stm32f1xx.o(i.SystemInit)
    TIM4_IRQHandler                          0x08000b7d   Thumb Code    12  stm32f1xx_it.o(i.TIM4_IRQHandler)
    UsageFault_Handler                       0x08000b8d   Thumb Code     4  stm32f1xx_it.o(i.UsageFault_Handler)
    _Error_Handler                           0x08000b91   Thumb Code     4  main.o(i._Error_Handler)
    __scatterload_copy                       0x08000b95   Thumb Code    14  handlers.o(i.__scatterload_copy)
    __scatterload_null                       0x08000ba3   Thumb Code     2  handlers.o(i.__scatterload_null)
    __scatterload_zeroinit                   0x08000ba5   Thumb Code    14  handlers.o(i.__scatterload_zeroinit)
    main                                     0x08000bb5   Thumb Code   150  main.o(i.main)
    Region$$Table$$Base                      0x08000c68   Number         0  anon$$obj.o(Region$$Table)
    Region$$Table$$Limit                     0x08000c88   Number         0  anon$$obj.o(Region$$Table)
    timer_tic                                0x20000000   Data           4  main.o(.data)
    BtnPeriod                                0x20000004   Data           4  main.o(.data)
    catcher                                  0x20000008   Data           1  main.o(.data)
    catcher2                                 0x20000009   Data           1  main.o(.data)
    duration                                 0x2000000a   Data           2  main.o(.data)
    SysTickDelay                             0x2000000c   Data           4  main.o(.data)
    Preamble_count                           0x20000010   Data           1  main.o(.data)
    button_code                              0x20000011   Data           1  main.o(.data)
    his_ICR1                                 0x20000012   Data           2  main.o(.data)
    new_ICR1                                 0x20000014   Data           2  main.o(.data)
    CycleCount                               0x20000016   Data           2  main.o(.data)
    reciver_full                             0x20000018   Data           1  main.o(.data)
    HCS_bit_counter                          0x20000019   Data           1  main.o(.data)
    read_ID                                  0x2000001c   Data           4  main.o(.data)
    detect_vect                              0x20000020   Data           1  main.o(.data)
    state                                    0x20000021   Data           1  main.o(.data)
    count4                                   0x20000024   Data           4  stm32f1xx_it.o(.data)
    SystemCoreClock                          0x20000028   Data           4  system_stm32f1xx.o(.data)
    __initial_sp                             0x20000430   Data           0  startup_stm32f103xb.o(STACK)



==============================================================================

Memory Map of the image

  Image Entry point : 0x080000ed

  Load Region LR_IROM1 (Base: 0x08000000, Size: 0x00000cb4, Max: 0x00010000, ABSOLUTE)

    Execution Region ER_IROM1 (Exec base: 0x08000000, Load base: 0x08000000, Size: 0x00000c88, Max: 0x00010000, ABSOLUTE)

    Exec Addr    Load Addr    Size         Type   Attr      Idx    E Section Name        Object

    0x08000000   0x08000000   0x000000ec   Data   RO            3    RESET               startup_stm32f103xb.o
    0x080000ec   0x080000ec   0x00000000   Code   RO          883  * .ARM.Collect$$$$00000000  mc_w.l(entry.o)
    0x080000ec   0x080000ec   0x00000004   Code   RO          886    .ARM.Collect$$$$00000001  mc_w.l(entry2.o)
    0x080000f0   0x080000f0   0x00000004   Code   RO          889    .ARM.Collect$$$$00000004  mc_w.l(entry5.o)
    0x080000f4   0x080000f4   0x00000000   Code   RO          891    .ARM.Collect$$$$00000008  mc_w.l(entry7b.o)
    0x080000f4   0x080000f4   0x00000000   Code   RO          893    .ARM.Collect$$$$0000000A  mc_w.l(entry8b.o)
    0x080000f4   0x080000f4   0x00000008   Code   RO          894    .ARM.Collect$$$$0000000B  mc_w.l(entry9a.o)
    0x080000fc   0x080000fc   0x00000000   Code   RO          896    .ARM.Collect$$$$0000000D  mc_w.l(entry10a.o)
    0x080000fc   0x080000fc   0x00000000   Code   RO          898    .ARM.Collect$$$$0000000F  mc_w.l(entry11a.o)
    0x080000fc   0x080000fc   0x00000004   Code   RO          887    .ARM.Collect$$$$00002712  mc_w.l(entry2.o)
    0x08000100   0x08000100   0x00000024   Code   RO            4    .text               startup_stm32f103xb.o
    0x08000124   0x08000124   0x00000024   Code   RO          900    .text               mc_w.l(init.o)
    0x08000148   0x08000148   0x00000004   Code   RO          185    i.BusFault_Handler  stm32f1xx_it.o
    0x0800014c   0x0800014c   0x00000002   Code   RO          186    i.DebugMon_Handler  stm32f1xx_it.o
    0x0800014e   0x0800014e   0x00000002   PAD
    0x08000150   0x08000150   0x00000014   Code   RO           13    i.Delay             main.o
    0x08000164   0x08000164   0x00000134   Code   RO          187    i.EXTI9_5_IRQHandler  stm32f1xx_it.o
    0x08000298   0x08000298   0x00000004   Code   RO          188    i.HardFault_Handler  stm32f1xx_it.o
    0x0800029c   0x0800029c   0x0000001c   Code   RO           14    i.LL_APB1_GRP1_EnableClock  main.o
    0x080002b8   0x080002b8   0x0000001c   Code   RO           15    i.LL_APB2_GRP1_EnableClock  main.o
    0x080002d4   0x080002d4   0x0000000c   Code   RO          189    i.LL_EXTI_ClearFlag_0_31  stm32f1xx_it.o
    0x080002e0   0x080002e0   0x00000010   Code   RO          407    i.LL_EXTI_DisableEvent_0_31  stm32f1xx_ll_exti.o
    0x080002f0   0x080002f0   0x00000010   Code   RO          408    i.LL_EXTI_DisableIT_0_31  stm32f1xx_ll_exti.o
    0x08000300   0x08000300   0x00000010   Code   RO          409    i.LL_EXTI_EnableEvent_0_31  stm32f1xx_ll_exti.o
    0x08000310   0x08000310   0x00000010   Code   RO          410    i.LL_EXTI_EnableFallingTrig_0_31  stm32f1xx_ll_exti.o
    0x08000320   0x08000320   0x00000010   Code   RO          411    i.LL_EXTI_EnableIT_0_31  stm32f1xx_ll_exti.o
    0x08000330   0x08000330   0x00000010   Code   RO          412    i.LL_EXTI_EnableRisingTrig_0_31  stm32f1xx_ll_exti.o
    0x08000340   0x08000340   0x000000bc   Code   RO          413    i.LL_EXTI_Init      stm32f1xx_ll_exti.o
    0x080003fc   0x080003fc   0x00000018   Code   RO          190    i.LL_EXTI_IsActiveFlag_0_31  stm32f1xx_it.o
    0x08000414   0x08000414   0x0000002c   Code   RO           16    i.LL_GPIO_AF_SetEXTISource  main.o
    0x08000440   0x08000440   0x00000122   Code   RO          330    i.LL_GPIO_Init      stm32f1xx_ll_gpio.o
    0x08000562   0x08000562   0x0000001a   Code   RO           17    i.LL_GPIO_IsInputPinSet  main.o
    0x0800057c   0x0800057c   0x00000008   Code   RO          191    i.LL_GPIO_ResetOutputPin  stm32f1xx_it.o
    0x08000584   0x08000584   0x00000008   Code   RO          192    i.LL_GPIO_SetOutputPin  stm32f1xx_it.o
    0x0800058c   0x0800058c   0x0000002c   Code   RO           18    i.LL_GPIO_SetPinMode  main.o
    0x080005b8   0x080005b8   0x0000000c   Code   RO           19    i.LL_GPIO_TogglePin  main.o
    0x080005c4   0x080005c4   0x0000010c   Code   RO           20    i.LL_Init           main.o
    0x080006d0   0x080006d0   0x0000001c   Code   RO          755    i.LL_Init1msTick    stm32f1xx_ll_utils.o
    0x080006ec   0x080006ec   0x0000000c   Code   RO          762    i.LL_SetSystemCoreClock  stm32f1xx_ll_utils.o
    0x080006f8   0x080006f8   0x00000084   Code   RO          490    i.LL_TIM_Init       stm32f1xx_ll_tim.o
    0x0800077c   0x0800077c   0x00000004   Code   RO          193    i.LL_TIM_SetCounter  stm32f1xx_it.o
    0x08000780   0x08000780   0x00000114   Code   RO           21    i.MX_GPIO_Init      main.o
    0x08000894   0x08000894   0x00000090   Code   RO           22    i.MX_TIM4_Init      main.o
    0x08000924   0x08000924   0x00000004   Code   RO          194    i.MemManage_Handler  stm32f1xx_it.o
    0x08000928   0x08000928   0x00000002   Code   RO          195    i.NMI_Handler       stm32f1xx_it.o
    0x0800092a   0x0800092a   0x00000016   Code   RO           23    i.NVIC_EnableIRQ    main.o
    0x08000940   0x08000940   0x00000040   Code   RO           24    i.NVIC_EncodePriority  main.o
    0x08000980   0x08000980   0x00000010   Code   RO           25    i.NVIC_GetPriorityGrouping  main.o
    0x08000990   0x08000990   0x00000028   Code   RO           26    i.NVIC_SetPriority  main.o
    0x080009b8   0x080009b8   0x00000002   Code   RO          196    i.PendSV_Handler    stm32f1xx_it.o
    0x080009ba   0x080009ba   0x00000002   Code   RO          197    i.SVC_Handler       stm32f1xx_it.o
    0x080009bc   0x080009bc   0x00000010   Code   RO          198    i.SysTick_Handler   stm32f1xx_it.o
    0x080009cc   0x080009cc   0x00000158   Code   RO           27    i.SystemClock_Config  main.o
    0x08000b24   0x08000b24   0x00000058   Code   RO          850    i.SystemInit        system_stm32f1xx.o
    0x08000b7c   0x08000b7c   0x00000010   Code   RO          199    i.TIM4_IRQHandler   stm32f1xx_it.o
    0x08000b8c   0x08000b8c   0x00000004   Code   RO          200    i.UsageFault_Handler  stm32f1xx_it.o
    0x08000b90   0x08000b90   0x00000004   Code   RO           28    i._Error_Handler    main.o
    0x08000b94   0x08000b94   0x0000000e   Code   RO          904    i.__scatterload_copy  mc_w.l(handlers.o)
    0x08000ba2   0x08000ba2   0x00000002   Code   RO          905    i.__scatterload_null  mc_w.l(handlers.o)
    0x08000ba4   0x08000ba4   0x0000000e   Code   RO          906    i.__scatterload_zeroinit  mc_w.l(handlers.o)
    0x08000bb2   0x08000bb2   0x00000002   PAD
    0x08000bb4   0x08000bb4   0x000000b4   Code   RO           29    i.main              main.o
    0x08000c68   0x08000c68   0x00000020   Data   RO          902    Region$$Table       anon$$obj.o


    Execution Region RW_IRAM1 (Exec base: 0x20000000, Load base: 0x08000c88, Size: 0x00000430, Max: 0x00005000, ABSOLUTE)

    Exec Addr    Load Addr    Size         Type   Attr      Idx    E Section Name        Object

    0x20000000   0x08000c88   0x00000022   Data   RW           32    .data               main.o
    0x20000022   0x08000caa   0x00000002   PAD
    0x20000024   0x08000cac   0x00000004   Data   RW          202    .data               stm32f1xx_it.o
    0x20000028   0x08000cb0   0x00000004   Data   RW          852    .data               system_stm32f1xx.o
    0x2000002c   0x08000cb4   0x00000004   PAD
    0x20000030        -       0x00000400   Zero   RW            1    STACK               startup_stm32f103xb.o


==============================================================================

Image component sizes


      Code (inc. data)   RO Data    RW Data    ZI Data      Debug   Object Name

      1560        140          0         34          0     447977   main.o
        36          8        236          0       1024        780   startup_stm32f103xb.o
       420         60          0          4          0      41938   stm32f1xx_it.o
       284         28          0          0          0       6975   stm32f1xx_ll_exti.o
       290          0          0          0          0      10439   stm32f1xx_ll_gpio.o
       132         12          0          0          0      28962   stm32f1xx_ll_tim.o
        40          6          0          0          0       2181   stm32f1xx_ll_utils.o
        88         18          0          4          0       1119   system_stm32f1xx.o

    ----------------------------------------------------------------------
      2852        272        268         44       1028     540371   Object Totals
         0          0         32          0          0          0   (incl. Generated)
         2          0          0          2          4          0   (incl. Padding)

    ----------------------------------------------------------------------

      Code (inc. data)   RO Data    RW Data    ZI Data      Debug   Library Member Name

         0          0          0          0          0          0   entry.o
         0          0          0          0          0          0   entry10a.o
         0          0          0          0          0          0   entry11a.o
         8          4          0          0          0          0   entry2.o
         4          0          0          0          0          0   entry5.o
         0          0          0          0          0          0   entry7b.o
         0          0          0          0          0          0   entry8b.o
         8          4          0          0          0          0   entry9a.o
        30          0          0          0          0          0   handlers.o
        36          8          0          0          0         68   init.o

    ----------------------------------------------------------------------
        88         16          0          0          0         68   Library Totals
         2          0          0          0          0          0   (incl. Padding)

    ----------------------------------------------------------------------

      Code (inc. data)   RO Data    RW Data    ZI Data      Debug   Library Name

        86         16          0          0          0         68   mc_w.l

    ----------------------------------------------------------------------
        88         16          0          0          0         68   Library Totals

    ----------------------------------------------------------------------

==============================================================================


      Code (inc. data)   RO Data    RW Data    ZI Data      Debug   

      2940        288        268         44       1028     538407   Grand Totals
      2940        288        268         44       1028     538407   ELF Image Totals
      2940        288        268         44          0          0   ROM Totals

==============================================================================

    Total RO  Size (Code + RO Data)                 3208 (   3.13kB)
    Total RW  Size (RW Data + ZI Data)              1072 (   1.05kB)
    Total ROM Size (Code + RO Data + RW Data)       3252 (   3.18kB)

==============================================================================

